// Jest Snapshot v1, https://goo.gl/fbAQLP

exports[`components/SpeedTest nominally renders 1`] = `
<div>
  <div>
    speed test
  </div>
  <button
    onClick={[Function]}
  >
    Connect
  </button>
</div>
`;
