// Jest Snapshot v1, https://goo.gl/fbAQLP

exports[`components/WebSocketEchoForm renders with noop handlers 1`] = `
<div>
  <div>
    websocket echo
  </div>
  <button
    onClick={[Function]}
  >
    Connect
  </button>
  <input
    onChange={[Function]}
    type="text"
    value="HelloWebSocket!"
  />
  <button
    onClick={[Function]}
  >
    Send
  </button>
  <button
    onClick={[MockFunction]}
  >
    Disconnect
  </button>
  <ul
    className="Web-socket-echo-log"
  />
</div>
`;
